Archive member included because of file (symbol)

/home/luix/apps/gcc/gcc-arm-none-eabi-4_8-2013q4/bin/../lib/gcc/arm-none-eabi/4.8.3/../../../../arm-none-eabi/lib/armv7e-m/fpu/libc.a(lib_a-aeabi_atexit.o)
                              build/elements_bootloader/bootloader.o (__aeabi_atexit)
/home/luix/apps/gcc/gcc-arm-none-eabi-4_8-2013q4/bin/../lib/gcc/arm-none-eabi/4.8.3/../../../../arm-none-eabi/lib/armv7e-m/fpu/libc.a(lib_a-cxa_atexit.o)
                              /home/luix/apps/gcc/gcc-arm-none-eabi-4_8-2013q4/bin/../lib/gcc/arm-none-eabi/4.8.3/../../../../arm-none-eabi/lib/armv7e-m/fpu/libc.a(lib_a-aeabi_atexit.o) (__cxa_atexit)
/home/luix/apps/gcc/gcc-arm-none-eabi-4_8-2013q4/bin/../lib/gcc/arm-none-eabi/4.8.3/../../../../arm-none-eabi/lib/armv7e-m/fpu/libc.a(lib_a-exit.o)
                              /home/luix/apps/gcc/gcc-arm-none-eabi-4_8-2013q4/bin/../lib/gcc/arm-none-eabi/4.8.3/../../../../arm-none-eabi/lib/armv7e-m/fpu/crt0.o (exit)
/home/luix/apps/gcc/gcc-arm-none-eabi-4_8-2013q4/bin/../lib/gcc/arm-none-eabi/4.8.3/../../../../arm-none-eabi/lib/armv7e-m/fpu/libc.a(lib_a-impure.o)
                              /home/luix/apps/gcc/gcc-arm-none-eabi-4_8-2013q4/bin/../lib/gcc/arm-none-eabi/4.8.3/../../../../arm-none-eabi/lib/armv7e-m/fpu/libc.a(lib_a-exit.o) (_global_impure_ptr)
/home/luix/apps/gcc/gcc-arm-none-eabi-4_8-2013q4/bin/../lib/gcc/arm-none-eabi/4.8.3/../../../../arm-none-eabi/lib/armv7e-m/fpu/libc.a(lib_a-init.o)
                              /home/luix/apps/gcc/gcc-arm-none-eabi-4_8-2013q4/bin/../lib/gcc/arm-none-eabi/4.8.3/../../../../arm-none-eabi/lib/armv7e-m/fpu/crt0.o (__libc_init_array)
/home/luix/apps/gcc/gcc-arm-none-eabi-4_8-2013q4/bin/../lib/gcc/arm-none-eabi/4.8.3/../../../../arm-none-eabi/lib/armv7e-m/fpu/libc.a(lib_a-memcpy.o)
                              build/elements_bootloader/bootloader.o (memcpy)
/home/luix/apps/gcc/gcc-arm-none-eabi-4_8-2013q4/bin/../lib/gcc/arm-none-eabi/4.8.3/../../../../arm-none-eabi/lib/armv7e-m/fpu/libc.a(lib_a-memset.o)
                              /home/luix/apps/gcc/gcc-arm-none-eabi-4_8-2013q4/bin/../lib/gcc/arm-none-eabi/4.8.3/../../../../arm-none-eabi/lib/armv7e-m/fpu/crt0.o (memset)
/home/luix/apps/gcc/gcc-arm-none-eabi-4_8-2013q4/bin/../lib/gcc/arm-none-eabi/4.8.3/../../../../arm-none-eabi/lib/armv7e-m/fpu/libc.a(lib_a-__atexit.o)
                              /home/luix/apps/gcc/gcc-arm-none-eabi-4_8-2013q4/bin/../lib/gcc/arm-none-eabi/4.8.3/../../../../arm-none-eabi/lib/armv7e-m/fpu/libc.a(lib_a-cxa_atexit.o) (__register_exitproc)
/home/luix/apps/gcc/gcc-arm-none-eabi-4_8-2013q4/bin/../lib/gcc/arm-none-eabi/4.8.3/../../../../arm-none-eabi/lib/armv7e-m/fpu/libc.a(lib_a-__call_atexit.o)
                              /home/luix/apps/gcc/gcc-arm-none-eabi-4_8-2013q4/bin/../lib/gcc/arm-none-eabi/4.8.3/../../../../arm-none-eabi/lib/armv7e-m/fpu/libc.a(lib_a-exit.o) (__call_exitprocs)
/home/luix/apps/gcc/gcc-arm-none-eabi-4_8-2013q4/bin/../lib/gcc/arm-none-eabi/4.8.3/../../../../arm-none-eabi/lib/armv7e-m/fpu/libc.a(lib_a-atexit.o)
                              /home/luix/apps/gcc/gcc-arm-none-eabi-4_8-2013q4/bin/../lib/gcc/arm-none-eabi/4.8.3/../../../../arm-none-eabi/lib/armv7e-m/fpu/libc.a(lib_a-__call_atexit.o) (atexit)
/home/luix/apps/gcc/gcc-arm-none-eabi-4_8-2013q4/bin/../lib/gcc/arm-none-eabi/4.8.3/../../../../arm-none-eabi/lib/armv7e-m/fpu/libc.a(lib_a-fini.o)
                              /home/luix/apps/gcc/gcc-arm-none-eabi-4_8-2013q4/bin/../lib/gcc/arm-none-eabi/4.8.3/../../../../arm-none-eabi/lib/armv7e-m/fpu/libc.a(lib_a-__call_atexit.o) (__libc_fini_array)

Discarded input sections

 .text          0x00000000        0x0 /home/luix/apps/gcc/gcc-arm-none-eabi-4_8-2013q4/bin/../lib/gcc/arm-none-eabi/4.8.3/armv7e-m/fpu/crti.o
 .data          0x00000000        0x0 /home/luix/apps/gcc/gcc-arm-none-eabi-4_8-2013q4/bin/../lib/gcc/arm-none-eabi/4.8.3/armv7e-m/fpu/crti.o
 .bss           0x00000000        0x0 /home/luix/apps/gcc/gcc-arm-none-eabi-4_8-2013q4/bin/../lib/gcc/arm-none-eabi/4.8.3/armv7e-m/fpu/crti.o
 .text          0x00000000       0x54 /home/luix/apps/gcc/gcc-arm-none-eabi-4_8-2013q4/bin/../lib/gcc/arm-none-eabi/4.8.3/armv7e-m/fpu/crtbegin.o
 .data          0x00000000        0x4 /home/luix/apps/gcc/gcc-arm-none-eabi-4_8-2013q4/bin/../lib/gcc/arm-none-eabi/4.8.3/armv7e-m/fpu/crtbegin.o
 .bss           0x00000000       0x1c /home/luix/apps/gcc/gcc-arm-none-eabi-4_8-2013q4/bin/../lib/gcc/arm-none-eabi/4.8.3/armv7e-m/fpu/crtbegin.o
 .init_array    0x00000000        0x4 /home/luix/apps/gcc/gcc-arm-none-eabi-4_8-2013q4/bin/../lib/gcc/arm-none-eabi/4.8.3/armv7e-m/fpu/crtbegin.o
 .fini_array    0x00000000        0x4 /home/luix/apps/gcc/gcc-arm-none-eabi-4_8-2013q4/bin/../lib/gcc/arm-none-eabi/4.8.3/armv7e-m/fpu/crtbegin.o
 .eh_frame      0x00000000        0x0 /home/luix/apps/gcc/gcc-arm-none-eabi-4_8-2013q4/bin/../lib/gcc/arm-none-eabi/4.8.3/armv7e-m/fpu/crtbegin.o
[...]
Memory Configuration

Name             Origin             Length             Attributes
RAM              0x20000000         0x00020000         xrw
CCMRAM           0x10000000         0x00010000         xrw
FLASH            0x08000000         0x00100000         xr
*default*        0x00000000         0xffffffff

Linker script and memory map

LOAD /home/luix/apps/gcc/gcc-arm-none-eabi-4_8-2013q4/bin/../lib/gcc/arm-none-eabi/4.8.3/armv7e-m/fpu/crti.o
LOAD /home/luix/apps/gcc/gcc-arm-none-eabi-4_8-2013q4/bin/../lib/gcc/arm-none-eabi/4.8.3/armv7e-m/fpu/crtbegin.o
LOAD /home/luix/apps/gcc/gcc-arm-none-eabi-4_8-2013q4/bin/../lib/gcc/arm-none-eabi/4.8.3/../../../../arm-none-eabi/lib/armv7e-m/fpu/crt0.o
LOAD build/elements_bootloader/bootloader.o
LOAD build/elements_bootloader/codec.o
LOAD build/elements_bootloader/cv_adc.o
LOAD build/elements_bootloader/debug_port.o
LOAD build/elements_bootloader/gate_input.o
LOAD build/elements_bootloader/leds.o
LOAD build/elements_bootloader/pots_adc.o
LOAD build/elements_bootloader/switch.o
LOAD build/elements_bootloader/system.o
LOAD build/elements_bootloader/demodulator.o
LOAD build/elements_bootloader/packet_decoder.o
LOAD build/elements_bootloader/atan.o
LOAD build/elements_bootloader/units.o
LOAD build/elements_bootloader/random.o
LOAD build/elements_bootloader/bootloader_utils.o
LOAD build/elements_bootloader/system_clock.o
LOAD build/elements_bootloader/core_cm3.o
LOAD build/elements_bootloader/system_stm32f4xx.o
LOAD build/elements_bootloader/misc.o
LOAD build/elements_bootloader/stm32f4xx_adc.o
LOAD build/elements_bootloader/stm32f4xx_can.o
LOAD build/elements_bootloader/stm32f4xx_crc.o
LOAD build/elements_bootloader/stm32f4xx_cryp_aes.o
LOAD build/elements_bootloader/stm32f4xx_cryp.o
LOAD build/elements_bootloader/stm32f4xx_cryp_des.o
LOAD build/elements_bootloader/stm32f4xx_cryp_tdes.o
LOAD build/elements_bootloader/stm32f4xx_dac.o
LOAD build/elements_bootloader/stm32f4xx_dbgmcu.o
LOAD build/elements_bootloader/stm32f4xx_dcmi.o
LOAD build/elements_bootloader/stm32f4xx_dma.o
LOAD build/elements_bootloader/stm32f4xx_exti.o
LOAD build/elements_bootloader/stm32f4xx_flash.o
LOAD build/elements_bootloader/stm32f4xx_fsmc.o
LOAD build/elements_bootloader/stm32f4xx_gpio.o
LOAD build/elements_bootloader/stm32f4xx_hash.o
LOAD build/elements_bootloader/stm32f4xx_hash_md5.o
LOAD build/elements_bootloader/stm32f4xx_hash_sha1.o
LOAD build/elements_bootloader/stm32f4xx_i2c.o
LOAD build/elements_bootloader/stm32f4xx_iwdg.o
LOAD build/elements_bootloader/stm32f4xx_pwr.o
LOAD build/elements_bootloader/stm32f4xx_rcc.o
LOAD build/elements_bootloader/stm32f4xx_rng.o
LOAD build/elements_bootloader/stm32f4xx_rtc.o
LOAD build/elements_bootloader/stm32f4xx_sdio.o
LOAD build/elements_bootloader/stm32f4xx_spi.o
LOAD build/elements_bootloader/stm32f4xx_syscfg.o
LOAD build/elements_bootloader/stm32f4xx_tim.o
LOAD build/elements_bootloader/stm32f4xx_usart.o
LOAD build/elements_bootloader/stm32f4xx_wwdg.o
LOAD build/elements_bootloader/startup_stm32f4xx.o
START GROUP
LOAD /home/luix/apps/gcc/gcc-arm-none-eabi-4_8-2013q4/bin/../lib/gcc/arm-none-eabi/4.8.3/armv7e-m/fpu/libgcc.a
LOAD /home/luix/apps/gcc/gcc-arm-none-eabi-4_8-2013q4/bin/../lib/gcc/arm-none-eabi/4.8.3/../../../../arm-none-eabi/lib/armv7e-m/fpu/libc.a
END GROUP
LOAD /home/luix/apps/gcc/gcc-arm-none-eabi-4_8-2013q4/bin/../lib/gcc/arm-none-eabi/4.8.3/armv7e-m/fpu/crtend.o
LOAD /home/luix/apps/gcc/gcc-arm-none-eabi-4_8-2013q4/bin/../lib/gcc/arm-none-eabi/4.8.3/armv7e-m/fpu/crtn.o
                0x20020000                _estack = 0x20020000
                0x00000000                _Min_Heap_Size = 0x0
                0x00000400                _Min_Stack_Size = 0x400

.isr_vector     0x08000000      0x190
                0x08000000                . = ALIGN (0x10)
 *(.isr_vector)
 .isr_vector    0x08000000      0x188 build/elements_bootloader/startup_stm32f4xx.o
                0x08000000                g_pfnVectors
                0x08000190                . = ALIGN (0x10)
 *fill*         0x08000188        0x8 

.flashtext      0x08000190        0x0
                0x08000190                . = ALIGN (0x10)
 *(.flashtext)
                0x08000190                . = ALIGN (0x10)

.text           0x08000190     0x3720
                0x08000190                . = ALIGN (0x10)
 *(.text)
 .text          0x08000190      0x134 /home/luix/apps/gcc/gcc-arm-none-eabi-4_8-2013q4/bin/../lib/gcc/arm-none-eabi/4.8.3/../../../../arm-none-eabi/lib/armv7e-m/fpu/libc.a(lib_a-memcpy.o)
                0x08000190                memcpy
 *(.text.*)
 .text._Z10FillBufferPN8elements5Codec5FrameES2_j
                0x080002c4      0x4f0 build/elements_bootloader/bootloader.o
                0x080002c4                FillBuffer(elements::Codec::Frame*, elements::Codec::Frame*, unsigned int)
 .text.NMI_Handler
                0x080007b4        0x4 build/elements_bootloader/bootloader.o
                0x080007b4                NMI_Handler
 .text.HardFault_Handler
                0x080007b8        0x4 build/elements_bootloader/bootloader.o
                0x080007b8                HardFault_Handler
 .text.MemManage_Handler
                0x080007bc        0x4 build/elements_bootloader/bootloader.o
                0x080007bc                MemManage_Handler
 .text.BusFault_Handler
                0x080007c0        0x4 build/elements_bootloader/bootloader.o
                0x080007c0                BusFault_Handler
 .text.UsageFault_Handler
                0x080007c4        0x4 build/elements_bootloader/bootloader.o
                0x080007c4                UsageFault_Handler
 .text.SVC_Handler
                0x080007c8        0x4 build/elements_bootloader/bootloader.o
                0x080007c8                SVC_Handler
 .text.DebugMon_Handler
                0x080007cc        0x4 build/elements_bootloader/bootloader.o
                0x080007cc                DebugMon_Handler
 .text.PendSV_Handler
                0x080007d0        0x4 build/elements_bootloader/bootloader.o
                0x080007d0                PendSV_Handler
 .text.UpdateLeds
                0x080007d4       0xa4 build/elements_bootloader/bootloader.o
                0x080007d4                UpdateLeds
 .text.SysTick_Handler
                0x08000878       0x5c build/elements_bootloader/bootloader.o
                0x08000878                SysTick_Handler
 .text._Z11ProgramPagePKhj
                0x080008d4      0x2b0 build/elements_bootloader/bootloader.o
                0x080008d4                ProgramPage(unsigned char const*, unsigned int)
 .text._Z4Initv
                0x08000b84       0x68 build/elements_bootloader/bootloader.o
                0x08000b84                Init()
 .text._Z19InitializeReceptionv
                0x08000bec       0x74 build/elements_bootloader/bootloader.o
                0x08000bec                InitializeReception()
 .text.startup.main
                0x08000c60      0x1e4 build/elements_bootloader/bootloader.o
                0x08000c60                main
 .text._ZN8elements5Codec14InitializeGPIOEv
                0x08000e44       0xb8 build/elements_bootloader/codec.o
                0x08000e44                elements::Codec::InitializeGPIO()
 .text._ZN8elements5Codec26InitializeControlInterfaceEv
                0x08000efc       0x60 build/elements_bootloader/codec.o
                0x08000efc                elements::Codec::InitializeControlInterface()
 .text._ZN8elements5Codec24InitializeAudioInterfaceEmNS_13CodecProtocolENS_11CodecFormatE
                0x08000f5c      0x10c build/elements_bootloader/codec.o
                0x08000f5c                elements::Codec::InitializeAudioInterface(unsigned long, elements::CodecProtocol, elements::CodecFormat)
 .text._ZN8elements5Codec20WriteControlRegisterEht
                0x08001068      0x2c8 build/elements_bootloader/codec.o
                0x08001068                elements::Codec::WriteControlRegister(unsigned char, unsigned short)
 .text._ZN8elements5Codec15InitializeCodecEmNS_13CodecProtocolENS_11CodecFormatE
                0x08001330       0xd0 build/elements_bootloader/codec.o
                0x08001330                elements::Codec::InitializeCodec(unsigned long, elements::CodecProtocol, elements::CodecFormat)
 .text._ZN8elements5Codec13InitializeDMAEv
                0x08001400      0x110 build/elements_bootloader/codec.o
                0x08001400                elements::Codec::InitializeDMA()
 .text._ZN8elements5Codec4InitEmNS_13CodecProtocolENS_11CodecFormatE
                0x08001510       0x58 build/elements_bootloader/codec.o
                0x08001510                elements::Codec::Init(unsigned long, elements::CodecProtocol, elements::CodecFormat)
 .text._ZN8elements5Codec5StartEPFvPNS0_5FrameES2_jE
                0x08001568       0x90 build/elements_bootloader/codec.o
                0x08001568                elements::Codec::Start(void (*)(elements::Codec::Frame*, elements::Codec::Frame*, unsigned int))
 .text._ZN8elements5Codec4StopEv
                0x080015f8       0x20 build/elements_bootloader/codec.o
                0x080015f8                elements::Codec::Stop()
 .text._ZN8elements5Codec4FillEj
                0x08001618       0x38 build/elements_bootloader/codec.o
                0x08001618                elements::Codec::Fill(unsigned int)
 .text.DMA1_Stream3_IRQHandler
                0x08001650       0x48 build/elements_bootloader/codec.o
                0x08001650                DMA1_Stream3_IRQHandler
 .text._ZN8elements4Leds4InitEv
                0x08001698      0x10c build/elements_bootloader/leds.o
                0x08001698                elements::Leds::Init()
 .text._ZN8elements4Leds5WriteEv
                0x080017a4       0x24 build/elements_bootloader/leds.o
                0x080017a4                elements::Leds::Write()
 .text._ZN8elements7PotsAdc6DeInitEv
                0x080017c8        0x4 build/elements_bootloader/pots_adc.o
                0x080017c8                elements::PotsAdc::DeInit()
 .text._ZN8elements7PotsAdc4ScanEv
                0x080017cc       0xa0 build/elements_bootloader/pots_adc.o
                0x080017cc                elements::PotsAdc::Scan()
 .text._ZN8elements7PotsAdc4InitEv
                0x0800186c       0xf4 build/elements_bootloader/pots_adc.o
                0x0800186c                elements::PotsAdc::Init()
 .text._ZN8elements6Switch4InitEv
                0x08001960       0x3c build/elements_bootloader/switch.o
                0x08001960                elements::Switch::Init()
 .text._ZN8elements6Switch8DebounceEv
                0x0800199c       0x1c build/elements_bootloader/switch.o
                0x0800199c                elements::Switch::Debounce()
 .text._ZN8elements6System4InitEb
                0x080019b8       0x10 build/elements_bootloader/system.o
                0x080019b8                elements::System::Init(bool)
 .text._ZN8elements6System11StartTimersEv
                0x080019c8       0x2c build/elements_bootloader/system.o
                0x080019c8                elements::System::StartTimers()
 .text._ZN20stm_audio_bootloader11Demodulator5ResetEv
                0x080019f4       0x4c build/elements_bootloader/demodulator.o
                0x080019f4                stm_audio_bootloader::Demodulator::Reset()
 .text._ZN20stm_audio_bootloader11Demodulator4InitEmtt
                0x08001a40       0x68 build/elements_bootloader/demodulator.o
                0x08001a40                stm_audio_bootloader::Demodulator::Init(unsigned long, unsigned short, unsigned short)
 .text._ZN20stm_audio_bootloader11Demodulator12DecideSymbolEb
                0x08001aa8      0x128 build/elements_bootloader/demodulator.o
                0x08001aa8                stm_audio_bootloader::Demodulator::DecideSymbol(bool)
 .text._ZN20stm_audio_bootloader11Demodulator19EstimateDcComponentEv
                0x08001bd0       0x5c build/elements_bootloader/demodulator.o
                0x08001bd0                stm_audio_bootloader::Demodulator::EstimateDcComponent()
 .text._ZN20stm_audio_bootloader11Demodulator13EstimatePowerEv
                0x08001c2c       0x68 build/elements_bootloader/demodulator.o
                0x08001c2c                stm_audio_bootloader::Demodulator::EstimatePower()
 .text._ZN20stm_audio_bootloader11Demodulator10DemodulateEv
                0x08001c94      0x368 build/elements_bootloader/demodulator.o
                0x08001c94                stm_audio_bootloader::Demodulator::Demodulate()
 .text._ZN20stm_audio_bootloader13PacketDecoder4InitEt
                0x08001ffc       0x18 build/elements_bootloader/packet_decoder.o
                0x08001ffc                stm_audio_bootloader::PacketDecoder::Init(unsigned short)
 .text._ZN20stm_audio_bootloader13PacketDecoder15ParseSyncHeaderEh
                0x08002014       0xa8 build/elements_bootloader/packet_decoder.o
                0x08002014                stm_audio_bootloader::PacketDecoder::ParseSyncHeader(unsigned char)
 .text._ZN20stm_audio_bootloader13PacketDecoder13ProcessSymbolEh
                0x080020bc      0x144 build/elements_bootloader/packet_decoder.o
                0x080020bc                stm_audio_bootloader::PacketDecoder::ProcessSymbol(unsigned char)
 .text._ZN6stmlib12UninitializeEv
                0x08002200       0x70 build/elements_bootloader/bootloader_utils.o
                0x08002200                stmlib::Uninitialize()
 .text._ZN6stmlib6JumpToEm
                0x08002270       0x10 build/elements_bootloader/bootloader_utils.o
                0x08002270                stmlib::JumpTo(unsigned long)
 .text.SystemInit
                0x08002280      0x100 build/elements_bootloader/system_stm32f4xx.o
                0x08002280                SystemInit
 .text.NVIC_SetVectorTable
                0x08002380       0x14 build/elements_bootloader/misc.o
                0x08002380                NVIC_SetVectorTable
 .text.ADC_DeInit
                0x08002394       0x1c build/elements_bootloader/stm32f4xx_adc.o
                0x08002394                ADC_DeInit
 .text.ADC_Init
                0x080023b0       0x5c build/elements_bootloader/stm32f4xx_adc.o
                0x080023b0                ADC_Init
 .text.ADC_CommonInit
                0x0800240c       0x30 build/elements_bootloader/stm32f4xx_adc.o
                0x0800240c                ADC_CommonInit
 .text.ADC_Cmd  0x0800243c       0x14 build/elements_bootloader/stm32f4xx_adc.o
                0x0800243c                ADC_Cmd
 .text.ADC_RegularChannelConfig
                0x08002450       0xa8 build/elements_bootloader/stm32f4xx_adc.o
                0x08002450                ADC_RegularChannelConfig
 .text.ADC_SoftwareStartConv
                0x080024f8        0xc build/elements_bootloader/stm32f4xx_adc.o
                0x080024f8                ADC_SoftwareStartConv
 .text.DMA_DeInit
                0x08002504      0x130 build/elements_bootloader/stm32f4xx_dma.o
                0x08002504                DMA_DeInit
 .text.DMA_Init
                0x08002634       0x78 build/elements_bootloader/stm32f4xx_dma.o
                0x08002634                DMA_Init
 .text.DMA_Cmd  0x080026ac       0x14 build/elements_bootloader/stm32f4xx_dma.o
                0x080026ac                DMA_Cmd
 .text.DMA_ITConfig
                0x080026c0       0x44 build/elements_bootloader/stm32f4xx_dma.o
                0x080026c0                DMA_ITConfig
 .text.FLASH_Unlock
                0x08002704       0x20 build/elements_bootloader/stm32f4xx_flash.o
                0x08002704                FLASH_Unlock
 .text.FLASH_ClearFlag
                0x08002724        0xc build/elements_bootloader/stm32f4xx_flash.o
                0x08002724                FLASH_ClearFlag
 .text.FLASH_GetStatus
                0x08002730       0x34 build/elements_bootloader/stm32f4xx_flash.o
                0x08002730                FLASH_GetStatus
 .text.FLASH_WaitForLastOperation
                0x08002764       0x28 build/elements_bootloader/stm32f4xx_flash.o
                0x08002764                FLASH_WaitForLastOperation
 .text.FLASH_EraseSector
                0x0800278c       0x78 build/elements_bootloader/stm32f4xx_flash.o
                0x0800278c                FLASH_EraseSector
 .text.FLASH_ProgramWord
                0x08002804       0x40 build/elements_bootloader/stm32f4xx_flash.o
                0x08002804                FLASH_ProgramWord
 .text.GPIO_Init
                0x08002844      0x298 build/elements_bootloader/stm32f4xx_gpio.o
                0x08002844                GPIO_Init
 .text.GPIO_ReadInputDataBit
                0x08002adc        0xc build/elements_bootloader/stm32f4xx_gpio.o
                0x08002adc                GPIO_ReadInputDataBit
 .text.GPIO_SetBits
                0x08002ae8        0x4 build/elements_bootloader/stm32f4xx_gpio.o
                0x08002ae8                GPIO_SetBits
 .text.GPIO_ResetBits
                0x08002aec        0x4 build/elements_bootloader/stm32f4xx_gpio.o
                0x08002aec                GPIO_ResetBits
 .text.GPIO_WriteBit
                0x08002af0        0xc build/elements_bootloader/stm32f4xx_gpio.o
                0x08002af0                GPIO_WriteBit
 .text.GPIO_PinAFConfig
                0x08002afc       0x30 build/elements_bootloader/stm32f4xx_gpio.o
                0x08002afc                GPIO_PinAFConfig
 .text.I2C_DeInit
                0x08002b2c       0x6c build/elements_bootloader/stm32f4xx_i2c.o
                0x08002b2c                I2C_DeInit
 .text.I2C_Init
                0x08002b98       0xf4 build/elements_bootloader/stm32f4xx_i2c.o
                0x08002b98                I2C_Init
 .text.I2C_Cmd  0x08002c8c       0x20 build/elements_bootloader/stm32f4xx_i2c.o
                0x08002c8c                I2C_Cmd
 .text.I2C_GenerateSTART
                0x08002cac       0x20 build/elements_bootloader/stm32f4xx_i2c.o
                0x08002cac                I2C_GenerateSTART
 .text.I2C_GenerateSTOP
                0x08002ccc       0x20 build/elements_bootloader/stm32f4xx_i2c.o
                0x08002ccc                I2C_GenerateSTOP
 .text.I2C_Send7bitAddress
                0x08002cec       0x14 build/elements_bootloader/stm32f4xx_i2c.o
                0x08002cec                I2C_Send7bitAddress
 .text.I2C_SendData
                0x08002d00        0x4 build/elements_bootloader/stm32f4xx_i2c.o
                0x08002d00                I2C_SendData
 .text.I2C_CheckEvent
                0x08002d04       0x1c build/elements_bootloader/stm32f4xx_i2c.o
                0x08002d04                I2C_CheckEvent
 .text.I2C_GetFlagStatus
                0x08002d20       0x3c build/elements_bootloader/stm32f4xx_i2c.o
                0x08002d20                I2C_GetFlagStatus
 .text.RCC_PLLI2SConfig
                0x08002d5c       0x14 build/elements_bootloader/stm32f4xx_rcc.o
                0x08002d5c                RCC_PLLI2SConfig
 .text.RCC_PLLI2SCmd
                0x08002d70        0xc build/elements_bootloader/stm32f4xx_rcc.o
                0x08002d70                RCC_PLLI2SCmd
 .text.RCC_GetClocksFreq
                0x08002d7c       0x94 build/elements_bootloader/stm32f4xx_rcc.o
                0x08002d7c                RCC_GetClocksFreq
 .text.RCC_I2SCLKConfig
                0x08002e10        0xc build/elements_bootloader/stm32f4xx_rcc.o
                0x08002e10                RCC_I2SCLKConfig
 .text.RCC_AHB1PeriphClockCmd
                0x08002e1c       0x1c build/elements_bootloader/stm32f4xx_rcc.o
                0x08002e1c                RCC_AHB1PeriphClockCmd
 .text.RCC_APB1PeriphClockCmd
                0x08002e38       0x1c build/elements_bootloader/stm32f4xx_rcc.o
                0x08002e38                RCC_APB1PeriphClockCmd
 .text.RCC_APB2PeriphClockCmd
                0x08002e54       0x1c build/elements_bootloader/stm32f4xx_rcc.o
                0x08002e54                RCC_APB2PeriphClockCmd
 .text.RCC_APB1PeriphResetCmd
                0x08002e70       0x1c build/elements_bootloader/stm32f4xx_rcc.o
                0x08002e70                RCC_APB1PeriphResetCmd
 .text.RCC_APB2PeriphResetCmd
                0x08002e8c       0x1c build/elements_bootloader/stm32f4xx_rcc.o
                0x08002e8c                RCC_APB2PeriphResetCmd
 .text.RCC_GetFlagStatus
                0x08002ea8       0x34 build/elements_bootloader/stm32f4xx_rcc.o
                0x08002ea8                RCC_GetFlagStatus
 .text.SPI_I2S_DeInit
                0x08002edc       0x6c build/elements_bootloader/stm32f4xx_spi.o
                0x08002edc                SPI_I2S_DeInit
 .text.I2S_Init
                0x08002f48       0xf0 build/elements_bootloader/stm32f4xx_spi.o
                0x08002f48                I2S_Init
 .text.I2S_Cmd  0x08003038       0x20 build/elements_bootloader/stm32f4xx_spi.o
                0x08003038                I2S_Cmd
 .text.I2S_FullDuplexConfig
                0x08003058       0x54 build/elements_bootloader/stm32f4xx_spi.o
                0x08003058                I2S_FullDuplexConfig
 .text.SPI_I2S_DMACmd
                0x080030ac       0x18 build/elements_bootloader/stm32f4xx_spi.o
                0x080030ac                SPI_I2S_DMACmd
 .text.TIM_TimeBaseInit
                0x080030c4       0xa0 build/elements_bootloader/stm32f4xx_tim.o
                0x080030c4                TIM_TimeBaseInit
 .text.TIM_TimeBaseStructInit
                0x08003164       0x14 build/elements_bootloader/stm32f4xx_tim.o
                0x08003164                TIM_TimeBaseStructInit
 .text.TIM_ARRPreloadConfig
                0x08003178       0x20 build/elements_bootloader/stm32f4xx_tim.o
                0x08003178                TIM_ARRPreloadConfig
 .text.TIM_Cmd  0x08003198       0x20 build/elements_bootloader/stm32f4xx_tim.o
                0x08003198                TIM_Cmd
 .text.TIM_OC1Init
                0x080031b8       0x84 build/elements_bootloader/stm32f4xx_tim.o
                0x080031b8                TIM_OC1Init
 .text.TIM_OC4Init
                0x0800323c       0x70 build/elements_bootloader/stm32f4xx_tim.o
                0x0800323c                TIM_OC4Init
 .text.TIM_OCStructInit
                0x080032ac       0x14 build/elements_bootloader/stm32f4xx_tim.o
                0x080032ac                TIM_OCStructInit
 .text.TIM_OC1PreloadConfig
                0x080032c0       0x14 build/elements_bootloader/stm32f4xx_tim.o
                0x080032c0                TIM_OC1PreloadConfig
 .text.TIM_OC4PreloadConfig
                0x080032d4       0x18 build/elements_bootloader/stm32f4xx_tim.o
                0x080032d4                TIM_OC4PreloadConfig
 .text.TIM_CtrlPWMOutputs
                0x080032ec       0x24 build/elements_bootloader/stm32f4xx_tim.o
                0x080032ec                TIM_CtrlPWMOutputs
 .text.Reset_Handler
                0x08003310       0x4c build/elements_bootloader/startup_stm32f4xx.o
                0x08003310                Reset_Handler
 .text.Default_Handler
                0x0800335c        0x4 build/elements_bootloader/startup_stm32f4xx.o
                0x0800335c                RTC_Alarm_IRQHandler
                0x0800335c                HASH_RNG_IRQHandler
                0x0800335c                EXTI2_IRQHandler
                0x0800335c                TIM8_CC_IRQHandler
                0x0800335c                TIM1_CC_IRQHandler
                0x0800335c                DMA2_Stream5_IRQHandler
                0x0800335c                DMA1_Stream5_IRQHandler
                0x0800335c                PVD_IRQHandler
                0x0800335c                SDIO_IRQHandler
                0x0800335c                TAMP_STAMP_IRQHandler
                0x0800335c                CAN2_RX1_IRQHandler
                0x0800335c                EXTI3_IRQHandler
                0x0800335c                TIM8_TRG_COM_TIM14_IRQHandler
                0x0800335c                TIM1_UP_TIM10_IRQHandler
                0x0800335c                TIM8_UP_TIM13_IRQHandler
                0x0800335c                I2C3_ER_IRQHandler
                0x0800335c                EXTI0_IRQHandler
                0x0800335c                I2C2_EV_IRQHandler
                0x0800335c                DMA1_Stream2_IRQHandler
                0x0800335c                CAN1_RX0_IRQHandler
                0x0800335c                FPU_IRQHandler
                0x0800335c                OTG_HS_WKUP_IRQHandler
                0x0800335c                CAN2_SCE_IRQHandler
                0x0800335c                DMA2_Stream2_IRQHandler
                0x0800335c                SPI1_IRQHandler
                0x0800335c                TIM6_DAC_IRQHandler
                0x0800335c                TIM1_BRK_TIM9_IRQHandler
                0x0800335c                DCMI_IRQHandler
                0x0800335c                CAN2_RX0_IRQHandler
                0x0800335c                DMA2_Stream3_IRQHandler
                0x0800335c                USART6_IRQHandler
                0x0800335c                USART3_IRQHandler
                0x0800335c                CRYP_IRQHandler
                0x0800335c                CAN1_RX1_IRQHandler
                0x0800335c                UART5_IRQHandler
                0x0800335c                DMA2_Stream0_IRQHandler
                0x0800335c                TIM4_IRQHandler
                0x0800335c                I2C1_EV_IRQHandler
                0x0800335c                DMA1_Stream6_IRQHandler
                0x0800335c                DMA1_Stream1_IRQHandler
                0x0800335c                UART4_IRQHandler
                0x0800335c                TIM3_IRQHandler
                0x0800335c                RCC_IRQHandler
                0x0800335c                TIM8_BRK_TIM12_IRQHandler
                0x0800335c                Default_Handler
                0x0800335c                EXTI15_10_IRQHandler
                0x0800335c                ADC_IRQHandler
                0x0800335c                DMA1_Stream7_IRQHandler
                0x0800335c                TIM7_IRQHandler
                0x0800335c                CAN2_TX_IRQHandler
                0x0800335c                TIM5_IRQHandler
                0x0800335c                DMA2_Stream7_IRQHandler
                0x0800335c                I2C3_EV_IRQHandler
                0x0800335c                EXTI9_5_IRQHandler
                0x0800335c                RTC_WKUP_IRQHandler
                0x0800335c                ETH_WKUP_IRQHandler
                0x0800335c                SPI2_IRQHandler
                0x0800335c                OTG_HS_EP1_IN_IRQHandler
                0x0800335c                DMA1_Stream0_IRQHandler
                0x0800335c                CAN1_TX_IRQHandler
                0x0800335c                EXTI4_IRQHandler
                0x0800335c                FSMC_IRQHandler
                0x0800335c                ETH_IRQHandler
                0x0800335c                OTG_HS_EP1_OUT_IRQHandler
                0x0800335c                WWDG_IRQHandler
                0x0800335c                TIM2_IRQHandler
                0x0800335c                OTG_FS_WKUP_IRQHandler
                0x0800335c                TIM1_TRG_COM_TIM11_IRQHandler
                0x0800335c                OTG_HS_IRQHandler
                0x0800335c                EXTI1_IRQHandler
                0x0800335c                USART2_IRQHandler
                0x0800335c                I2C2_ER_IRQHandler
                0x0800335c                DMA2_Stream1_IRQHandler
                0x0800335c                CAN1_SCE_IRQHandler
                0x0800335c                FLASH_IRQHandler
                0x0800335c                DMA2_Stream4_IRQHandler
                0x0800335c                USART1_IRQHandler
                0x0800335c                OTG_FS_IRQHandler
                0x0800335c                SPI3_IRQHandler
                0x0800335c                DMA1_Stream4_IRQHandler
                0x0800335c                I2C1_ER_IRQHandler
                0x0800335c                DMA2_Stream6_IRQHandler
 .text.memset   0x08003360       0x94 /home/luix/apps/gcc/gcc-arm-none-eabi-4_8-2013q4/bin/../lib/gcc/arm-none-eabi/4.8.3/../../../../arm-none-eabi/lib/armv7e-m/fpu/libc.a(lib_a-memset.o)
                0x08003360                memset
 *(.rodata)
 *(.rodata*)
 .rodata._ZN20stm_audio_bootloaderL23filter_coefficients_3_7E
                0x080033f4       0x10 build/elements_bootloader/demodulator.o
 .rodata._ZN20stm_audio_bootloaderL23filter_coefficients_4_7E
                0x08003404       0x10 build/elements_bootloader/demodulator.o
 .rodata._ZN20stm_audio_bootloaderL23filter_coefficients_6_7E
                0x08003414       0x10 build/elements_bootloader/demodulator.o
 .rodata._ZN20stm_audio_bootloaderL23filter_coefficients_8_7E
                0x08003424       0x10 build/elements_bootloader/demodulator.o
 .rodata._ZN20stm_audio_bootloaderL12cutoff_tableE
                0x08003434       0x44 build/elements_bootloader/demodulator.o
 .rodata._ZN20stm_audio_bootloaderL24filter_coefficients_12_7E
                0x08003478       0x10 build/elements_bootloader/demodulator.o
 .rodata._ZN20stm_audio_bootloaderL24filter_coefficients_16_7E
                0x08003488       0x10 build/elements_bootloader/demodulator.o
 .rodata._ZL9crc32_tab
                0x08003498      0x400 build/elements_bootloader/packet_decoder.o
 *(.glue_7)
 .glue_7        0x00000000        0x0 linker stubs
 *(.glue_7t)
 .glue_7t       0x00000000        0x0 linker stubs
 *(.init)
 .init          0x08003898        0x4 /home/luix/apps/gcc/gcc-arm-none-eabi-4_8-2013q4/bin/../lib/gcc/arm-none-eabi/4.8.3/armv7e-m/fpu/crti.o
                0x08003898                _init
 .init          0x0800389c        0x8 /home/luix/apps/gcc/gcc-arm-none-eabi-4_8-2013q4/bin/../lib/gcc/arm-none-eabi/4.8.3/armv7e-m/fpu/crtn.o
 *(.fini)
 .fini          0x080038a4        0x4 /home/luix/apps/gcc/gcc-arm-none-eabi-4_8-2013q4/bin/../lib/gcc/arm-none-eabi/4.8.3/armv7e-m/fpu/crti.o
                0x080038a4                _fini
 .fini          0x080038a8        0x8 /home/luix/apps/gcc/gcc-arm-none-eabi-4_8-2013q4/bin/../lib/gcc/arm-none-eabi/4.8.3/armv7e-m/fpu/crtn.o
                0x080038b0                . = ALIGN (0x10)
                0x080038b0                _etext = .
                0x080038b0                _sidata = _etext

.vfp11_veneer   0x080038b0        0x0
 .vfp11_veneer  0x00000000        0x0 linker stubs

.v4_bx          0x080038b0        0x0
 .v4_bx         0x00000000        0x0 linker stubs

.iplt           0x080038b0        0x0
 .iplt          0x00000000        0x0 /home/luix/apps/gcc/gcc-arm-none-eabi-4_8-2013q4/bin/../lib/gcc/arm-none-eabi/4.8.3/armv7e-m/fpu/crtbegin.o

.rel.dyn        0x080038b0        0x0
 .rel.iplt      0x00000000        0x0 /home/luix/apps/gcc/gcc-arm-none-eabi-4_8-2013q4/bin/../lib/gcc/arm-none-eabi/4.8.3/armv7e-m/fpu/crtbegin.o

.data           0x20000000      0x240 load address 0x080038b0
                0x20000000                . = ALIGN (0x10)
                0x20000000                _sdata = .
 *(.ramtext*)
                0x20000000                . = ALIGN (0x10)
 *(.data*)
 .data.gain     0x20000000        0x4 build/elements_bootloader/bootloader.o
                0x20000000                gain
 .data.discard_samples
                0x20000004        0x4 build/elements_bootloader/bootloader.o
                0x20000004                discard_samples
 .data._ZN8elements7PotsAdc10addresses_E
                0x20000008       0x1c build/elements_bootloader/pots_adc.o
                0x20000008                elements::PotsAdc::addresses_
 .data._ZN20stm_audio_bootloader8lut_sineE
                0x20000024      0x204 build/elements_bootloader/demodulator.o
                0x20000024                stm_audio_bootloader::lut_sine
 .data.APBAHBPrescTable
                0x20000228       0x10 build/elements_bootloader/stm32f4xx_rcc.o
 *(.data.*)
                0x20000240                . = ALIGN (0x10)
 *fill*         0x20000238        0x8 
                0x20000240                _edata = .

.igot.plt       0x20000240        0x0 load address 0x08003af0
 .igot.plt      0x00000000        0x0 /home/luix/apps/gcc/gcc-arm-none-eabi-4_8-2013q4/bin/../lib/gcc/arm-none-eabi/4.8.3/armv7e-m/fpu/crtbegin.o

.bss            0x20000240     0x5030 load address 0x08003af0
                0x20000240                . = ALIGN (0x10)
                0x20000240                _sbss = .
 *(.bss)
 *(.bss*)
 .bss.demodulator
                0x20000240      0xd18 build/elements_bootloader/bootloader.o
                0x20000240                demodulator
 .bss.ui_state  0x20000f58        0x1 build/elements_bootloader/bootloader.o
                0x20000f58                ui_state
 *fill*         0x20000f59        0x3 
 .bss.leds      0x20000f5c        0x4 build/elements_bootloader/bootloader.o
                0x20000f5c                leds
 .bss.meter     0x20000f60       0x10 build/elements_bootloader/bootloader.o
                0x20000f60                meter
 .bss.rx_buffer
                0x20000f70     0x4000 build/elements_bootloader/bootloader.o
                0x20000f70                rx_buffer
 .bss.push_switch
                0x20004f70        0x4 build/elements_bootloader/bootloader.o
                0x20004f70                push_switch
 .bss._ZL15current_address
                0x20004f74        0x4 build/elements_bootloader/bootloader.o
 .bss.codec     0x20004f78      0x194 build/elements_bootloader/bootloader.o
                0x20004f78                codec
 .bss.decoder   0x2000510c      0x114 build/elements_bootloader/bootloader.o
                0x2000510c                decoder
 .bss.switch_released
                0x20005220        0x1 build/elements_bootloader/bootloader.o
                0x20005220                switch_released
 *fill*         0x20005221        0x3 
 .bss.pots      0x20005224       0x3c build/elements_bootloader/bootloader.o
                0x20005224                pots
 .bss._ZL12packet_index
                0x20005260        0x2 build/elements_bootloader/bootloader.o
 *fill*         0x20005262        0x2 
 .bss._ZN8elements5Codec9instance_E
                0x20005264        0x4 build/elements_bootloader/codec.o
                0x20005264                elements::Codec::instance_
 .bss._ZN6stmlib12system_clockE
                0x20005268        0x4 build/elements_bootloader/system_clock.o
                0x20005268                stmlib::system_clock
 *(COMMON)
                0x20005270                . = ALIGN (0x10)
 *fill*         0x2000526c        0x4 
                0x20005270                _ebss = .
                0x20005270                PROVIDE (end, _ebss)
                0x20005270                PROVIDE (_end, _ebss)

._user_heap_stack
                0x20005270      0x400 load address 0x08008b20
                0x20005270                . = ALIGN (0x10)
                0x20005270                PROVIDE (end, .)
                0x20005270                PROVIDE (_end, .)
                0x20005270                . = (. + _Min_Heap_Size)
                0x20005670                . = (. + _Min_Stack_Size)
 *fill*         0x20005270      0x400 
                0x20005670                . = ALIGN (0x10)

.ccmdata        0x10000000        0x0
                0x10000000                . = ALIGN (0x10)
 *(.ccmdata)
                0x10000000                . = ALIGN (0x10)

DISCARD
 libc.a(*)
 libm.a(*)
 libgcc.a(*)
OUTPUT(build/elements_bootloader/elements_bootloader.elf elf32-littlearm)

.ARM.attributes
                0x00000000       0x30
 .ARM.attributes
                0x00000000       0x22 /home/luix/apps/gcc/gcc-arm-none-eabi-4_8-2013q4/bin/../lib/gcc/arm-none-eabi/4.8.3/armv7e-m/fpu/crti.o
 .ARM.attributes
                0x00000022       0x39 build/elements_bootloader/bootloader.o
 .ARM.attributes
                0x0000005b       0x39 build/elements_bootloader/codec.o
 .ARM.attributes
                0x00000094       0x39 build/elements_bootloader/leds.o
 .ARM.attributes
                0x000000cd       0x39 build/elements_bootloader/pots_adc.o
 .ARM.attributes
                0x00000106       0x39 build/elements_bootloader/switch.o
 .ARM.attributes
                0x0000013f       0x39 build/elements_bootloader/system.o
 .ARM.attributes
                0x00000178       0x39 build/elements_bootloader/demodulator.o
 .ARM.attributes
                0x000001b1       0x39 build/elements_bootloader/packet_decoder.o
 .ARM.attributes
                0x000001ea       0x39 build/elements_bootloader/bootloader_utils.o
 .ARM.attributes
                0x00000223       0x39 build/elements_bootloader/system_clock.o
 .ARM.attributes
                0x0000025c       0x39 build/elements_bootloader/system_stm32f4xx.o
 .ARM.attributes
                0x00000295       0x39 build/elements_bootloader/misc.o
 .ARM.attributes
                0x000002ce       0x39 build/elements_bootloader/stm32f4xx_adc.o
 .ARM.attributes
                0x00000307       0x39 build/elements_bootloader/stm32f4xx_dma.o
 .ARM.attributes
                0x00000340       0x39 build/elements_bootloader/stm32f4xx_flash.o
 .ARM.attributes
                0x00000379       0x39 build/elements_bootloader/stm32f4xx_gpio.o
 .ARM.attributes
                0x000003b2       0x39 build/elements_bootloader/stm32f4xx_i2c.o
 .ARM.attributes
                0x000003eb       0x39 build/elements_bootloader/stm32f4xx_rcc.o
 .ARM.attributes
                0x00000424       0x39 build/elements_bootloader/stm32f4xx_spi.o
 .ARM.attributes
                0x0000045d       0x39 build/elements_bootloader/stm32f4xx_tim.o
 .ARM.attributes
                0x00000496       0x21 build/elements_bootloader/startup_stm32f4xx.o
 .ARM.attributes
                0x000004b7       0x20 /home/luix/apps/gcc/gcc-arm-none-eabi-4_8-2013q4/bin/../lib/gcc/arm-none-eabi/4.8.3/../../../../arm-none-eabi/lib/armv7e-m/fpu/libc.a(lib_a-memcpy.o)
 .ARM.attributes
                0x000004d7       0x34 /home/luix/apps/gcc/gcc-arm-none-eabi-4_8-2013q4/bin/../lib/gcc/arm-none-eabi/4.8.3/../../../../arm-none-eabi/lib/armv7e-m/fpu/libc.a(lib_a-memset.o)
 .ARM.attributes
                0x0000050b       0x22 /home/luix/apps/gcc/gcc-arm-none-eabi-4_8-2013q4/bin/../lib/gcc/arm-none-eabi/4.8.3/armv7e-m/fpu/crtn.o

.comment        0x00000000       0x70
 .comment       0x00000000       0x70 build/elements_bootloader/bootloader.o
                                 0x71 (size before relaxing)
 .comment       0x00000000       0x71 build/elements_bootloader/codec.o
 .comment       0x00000000       0x71 build/elements_bootloader/leds.o
 .comment       0x00000000       0x71 build/elements_bootloader/pots_adc.o
 .comment       0x00000000       0x71 build/elements_bootloader/switch.o
 .comment       0x00000000       0x71 build/elements_bootloader/system.o
 .comment       0x00000000       0x71 build/elements_bootloader/demodulator.o
 .comment       0x00000000       0x71 build/elements_bootloader/packet_decoder.o
 .comment       0x00000000       0x71 build/elements_bootloader/bootloader_utils.o
 .comment       0x00000000       0x71 build/elements_bootloader/system_clock.o
 .comment       0x00000000       0x71 build/elements_bootloader/system_stm32f4xx.o
 .comment       0x00000000       0x71 build/elements_bootloader/misc.o
 .comment       0x00000000       0x71 build/elements_bootloader/stm32f4xx_adc.o
 .comment       0x00000000       0x71 build/elements_bootloader/stm32f4xx_dma.o
 .comment       0x00000000       0x71 build/elements_bootloader/stm32f4xx_flash.o
 .comment       0x00000000       0x71 build/elements_bootloader/stm32f4xx_gpio.o
 .comment       0x00000000       0x71 build/elements_bootloader/stm32f4xx_i2c.o
 .comment       0x00000000       0x71 build/elements_bootloader/stm32f4xx_rcc.o
 .comment       0x00000000       0x71 build/elements_bootloader/stm32f4xx_spi.o
 .comment       0x00000000       0x71 build/elements_bootloader/stm32f4xx_tim.o

.debug_info     0x00000000    0x12d65
 .debug_info    0x00000000     0x3741 build/elements_bootloader/bootloader.o
 .debug_info    0x00003741     0x2c8f build/elements_bootloader/codec.o
 .debug_info    0x000063d0      0xf2d build/elements_bootloader/leds.o
 .debug_info    0x000072fd      0xb23 build/elements_bootloader/pots_adc.o
 .debug_info    0x00007e20      0x955 build/elements_bootloader/switch.o
 .debug_info    0x00008775      0x7de build/elements_bootloader/system.o
 .debug_info    0x00008f53     0x16b6 build/elements_bootloader/demodulator.o
 .debug_info    0x0000a609      0x939 build/elements_bootloader/packet_decoder.o
 .debug_info    0x0000af42      0x437 build/elements_bootloader/bootloader_utils.o
 .debug_info    0x0000b379      0x2ce build/elements_bootloader/system_clock.o
 .debug_info    0x0000b647      0x58b build/elements_bootloader/system_stm32f4xx.o
 .debug_info    0x0000bbd2      0x528 build/elements_bootloader/misc.o
 .debug_info    0x0000c0fa      0xc7a build/elements_bootloader/stm32f4xx_adc.o
 .debug_info    0x0000cd74      0x72c build/elements_bootloader/stm32f4xx_dma.o
 .debug_info    0x0000d4a0      0x7ce build/elements_bootloader/stm32f4xx_flash.o
 .debug_info    0x0000dc6e      0x7b5 build/elements_bootloader/stm32f4xx_gpio.o
 .debug_info    0x0000e423      0xbbf build/elements_bootloader/stm32f4xx_i2c.o
 .debug_info    0x0000efe2      0xcfc build/elements_bootloader/stm32f4xx_rcc.o
 .debug_info    0x0000fcde      0xbb0 build/elements_bootloader/stm32f4xx_spi.o
 .debug_info    0x0001088e     0x24d7 build/elements_bootloader/stm32f4xx_tim.o

.debug_abbrev   0x00000000     0x3667
 .debug_abbrev  0x00000000      0x6b6 build/elements_bootloader/bootloader.o
 .debug_abbrev  0x000006b6      0x593 build/elements_bootloader/codec.o
 .debug_abbrev  0x00000c49      0x31f build/elements_bootloader/leds.o
 .debug_abbrev  0x00000f68      0x294 build/elements_bootloader/pots_adc.o
 .debug_abbrev  0x000011fc      0x306 build/elements_bootloader/switch.o
 .debug_abbrev  0x00001502      0x259 build/elements_bootloader/system.o
 .debug_abbrev  0x0000175b      0x4b6 build/elements_bootloader/demodulator.o
 .debug_abbrev  0x00001c11      0x3b7 build/elements_bootloader/packet_decoder.o
 .debug_abbrev  0x00001fc8      0x1b6 build/elements_bootloader/bootloader_utils.o
 .debug_abbrev  0x0000217e      0x1fd build/elements_bootloader/system_clock.o
 .debug_abbrev  0x0000237b      0x15f build/elements_bootloader/system_stm32f4xx.o
 .debug_abbrev  0x000024da      0x156 build/elements_bootloader/misc.o
 .debug_abbrev  0x00002630      0x1dd build/elements_bootloader/stm32f4xx_adc.o
 .debug_abbrev  0x0000280d      0x175 build/elements_bootloader/stm32f4xx_dma.o
 .debug_abbrev  0x00002982      0x20d build/elements_bootloader/stm32f4xx_flash.o
 .debug_abbrev  0x00002b8f      0x1f8 build/elements_bootloader/stm32f4xx_gpio.o
 .debug_abbrev  0x00002d87      0x1ef build/elements_bootloader/stm32f4xx_i2c.o
 .debug_abbrev  0x00002f76      0x279 build/elements_bootloader/stm32f4xx_rcc.o
 .debug_abbrev  0x000031ef      0x1e7 build/elements_bootloader/stm32f4xx_spi.o
 .debug_abbrev  0x000033d6      0x291 build/elements_bootloader/stm32f4xx_tim.o

.debug_loc      0x00000000     0x8ef8
 .debug_loc     0x00000000      0xb78 build/elements_bootloader/bootloader.o
 .debug_loc     0x00000b78      0x60d build/elements_bootloader/codec.o
 .debug_loc     0x00001185       0x4d build/elements_bootloader/leds.o
 .debug_loc     0x000011d2       0xb4 build/elements_bootloader/pots_adc.o
 .debug_loc     0x00001286       0x58 build/elements_bootloader/switch.o
 .debug_loc     0x000012de       0x63 build/elements_bootloader/system.o
 .debug_loc     0x00001341      0xfef build/elements_bootloader/demodulator.o
 .debug_loc     0x00002330      0x3e0 build/elements_bootloader/packet_decoder.o
 .debug_loc     0x00002710       0x47 build/elements_bootloader/bootloader_utils.o
 .debug_loc     0x00002757      0x153 build/elements_bootloader/system_stm32f4xx.o
 .debug_loc     0x000028aa      0x1b5 build/elements_bootloader/misc.o
 .debug_loc     0x00002a5f      0xcae build/elements_bootloader/stm32f4xx_adc.o
 .debug_loc     0x0000370d      0x641 build/elements_bootloader/stm32f4xx_dma.o
 .debug_loc     0x00003d4e      0x6bd build/elements_bootloader/stm32f4xx_flash.o
 .debug_loc     0x0000440b      0x58f build/elements_bootloader/stm32f4xx_gpio.o
 .debug_loc     0x0000499a      0xb16 build/elements_bootloader/stm32f4xx_i2c.o
 .debug_loc     0x000054b0      0xcee build/elements_bootloader/stm32f4xx_rcc.o
 .debug_loc     0x0000619e      0x7c2 build/elements_bootloader/stm32f4xx_spi.o
 .debug_loc     0x00006960     0x2598 build/elements_bootloader/stm32f4xx_tim.o

.debug_aranges  0x00000000      0xcf8
 .debug_aranges
                0x00000000       0xd0 build/elements_bootloader/bootloader.o
 .debug_aranges
                0x000000d0       0x70 build/elements_bootloader/codec.o
 .debug_aranges
                0x00000140       0x28 build/elements_bootloader/leds.o
 .debug_aranges
                0x00000168       0x30 build/elements_bootloader/pots_adc.o
 .debug_aranges
                0x00000198       0x28 build/elements_bootloader/switch.o
 .debug_aranges
                0x000001c0       0x28 build/elements_bootloader/system.o
 .debug_aranges
                0x000001e8       0x48 build/elements_bootloader/demodulator.o
 .debug_aranges
                0x00000230       0x38 build/elements_bootloader/packet_decoder.o
 .debug_aranges
                0x00000268       0x28 build/elements_bootloader/bootloader_utils.o
 .debug_aranges
                0x00000290       0x28 build/elements_bootloader/system_clock.o
 .debug_aranges
                0x000002b8       0x28 build/elements_bootloader/system_stm32f4xx.o
 .debug_aranges
                0x000002e0       0x40 build/elements_bootloader/misc.o
 .debug_aranges
                0x00000320      0x148 build/elements_bootloader/stm32f4xx_adc.o
 .debug_aranges
                0x00000468       0xb0 build/elements_bootloader/stm32f4xx_dma.o
 .debug_aranges
                0x00000518      0x108 build/elements_bootloader/stm32f4xx_flash.o
 .debug_aranges
                0x00000620       0x88 build/elements_bootloader/stm32f4xx_gpio.o
 .debug_aranges
                0x000006a8      0x120 build/elements_bootloader/stm32f4xx_i2c.o
 .debug_aranges
                0x000007c8      0x178 build/elements_bootloader/stm32f4xx_rcc.o
 .debug_aranges
                0x00000940       0xe0 build/elements_bootloader/stm32f4xx_spi.o
 .debug_aranges
                0x00000a20      0x2d8 build/elements_bootloader/stm32f4xx_tim.o

.debug_ranges   0x00000000     0x1688
 .debug_ranges  0x00000000      0x618 build/elements_bootloader/bootloader.o
 .debug_ranges  0x00000618      0x168 build/elements_bootloader/codec.o
 .debug_ranges  0x00000780       0x30 build/elements_bootloader/leds.o
 .debug_ranges  0x000007b0       0x38 build/elements_bootloader/pots_adc.o
 .debug_ranges  0x000007e8       0x30 build/elements_bootloader/switch.o
 .debug_ranges  0x00000818       0x58 build/elements_bootloader/system.o
 .debug_ranges  0x00000870      0x358 build/elements_bootloader/demodulator.o
 .debug_ranges  0x00000bc8       0x58 build/elements_bootloader/packet_decoder.o
 .debug_ranges  0x00000c20       0x18 build/elements_bootloader/bootloader_utils.o
 .debug_ranges  0x00000c38       0x18 build/elements_bootloader/system_clock.o
 .debug_ranges  0x00000c50       0x30 build/elements_bootloader/system_stm32f4xx.o
 .debug_ranges  0x00000c80       0x30 build/elements_bootloader/misc.o
 .debug_ranges  0x00000cb0      0x138 build/elements_bootloader/stm32f4xx_adc.o
 .debug_ranges  0x00000de8       0xa0 build/elements_bootloader/stm32f4xx_dma.o
 .debug_ranges  0x00000e88       0xf8 build/elements_bootloader/stm32f4xx_flash.o
 .debug_ranges  0x00000f80       0x78 build/elements_bootloader/stm32f4xx_gpio.o
 .debug_ranges  0x00000ff8      0x110 build/elements_bootloader/stm32f4xx_i2c.o
 .debug_ranges  0x00001108      0x168 build/elements_bootloader/stm32f4xx_rcc.o
 .debug_ranges  0x00001270       0xd0 build/elements_bootloader/stm32f4xx_spi.o
 .debug_ranges  0x00001340      0x348 build/elements_bootloader/stm32f4xx_tim.o

.debug_line     0x00000000     0x59d7
 .debug_line    0x00000000      0xc44 build/elements_bootloader/bootloader.o
 .debug_line    0x00000c44      0x701 build/elements_bootloader/codec.o
 .debug_line    0x00001345      0x482 build/elements_bootloader/leds.o
 .debug_line    0x000017c7      0x205 build/elements_bootloader/pots_adc.o
 .debug_line    0x000019cc      0x43c build/elements_bootloader/switch.o
 .debug_line    0x00001e08      0x19f build/elements_bootloader/system.o
 .debug_line    0x00001fa7      0x710 build/elements_bootloader/demodulator.o
 .debug_line    0x000026b7      0x48e build/elements_bootloader/packet_decoder.o
 .debug_line    0x00002b45      0x143 build/elements_bootloader/bootloader_utils.o
 .debug_line    0x00002c88       0xea build/elements_bootloader/system_clock.o
 .debug_line    0x00002d72      0x148 build/elements_bootloader/system_stm32f4xx.o
 .debug_line    0x00002eba      0x1b6 build/elements_bootloader/misc.o
 .debug_line    0x00003070      0x503 build/elements_bootloader/stm32f4xx_adc.o
 .debug_line    0x00003573      0x39c build/elements_bootloader/stm32f4xx_dma.o
 .debug_line    0x0000390f      0x3f4 build/elements_bootloader/stm32f4xx_flash.o
 .debug_line    0x00003d03      0x353 build/elements_bootloader/stm32f4xx_gpio.o
 .debug_line    0x00004056      0x485 build/elements_bootloader/stm32f4xx_i2c.o
 .debug_line    0x000044db      0x4fc build/elements_bootloader/stm32f4xx_rcc.o
 .debug_line    0x000049d7      0x422 build/elements_bootloader/stm32f4xx_spi.o
 .debug_line    0x00004df9      0xbde build/elements_bootloader/stm32f4xx_tim.o

.debug_str      0x00000000     0x639c
 .debug_str     0x00000000     0x285b build/elements_bootloader/bootloader.o
                               0x29e6 (size before relaxing)
 .debug_str     0x0000285b      0xf22 build/elements_bootloader/codec.o
                               0x1e47 (size before relaxing)
 .debug_str     0x0000377d      0x2bf build/elements_bootloader/leds.o
                                0xa94 (size before relaxing)
 .debug_str     0x00003a3c      0x217 build/elements_bootloader/pots_adc.o
                                0xb80 (size before relaxing)
 .debug_str     0x00003c53       0x1b build/elements_bootloader/switch.o
                                0x799 (size before relaxing)
 .debug_str     0x00003c6e       0xd5 build/elements_bootloader/system.o
                                0x916 (size before relaxing)
 .debug_str     0x00003d43      0x277 build/elements_bootloader/demodulator.o
                               0x112e (size before relaxing)
 .debug_str     0x00003fba       0x69 build/elements_bootloader/packet_decoder.o
                                0x796 (size before relaxing)
 .debug_str     0x00004023      0x138 build/elements_bootloader/bootloader_utils.o
                                0x419 (size before relaxing)
 .debug_str     0x0000415b       0x63 build/elements_bootloader/system_clock.o
                                0x3e3 (size before relaxing)
 .debug_str     0x000041be      0x201 build/elements_bootloader/system_stm32f4xx.o
                                0x43e (size before relaxing)
 .debug_str     0x000043bf      0x16f build/elements_bootloader/misc.o
                                0x477 (size before relaxing)
 .debug_str     0x0000452e      0x4c9 build/elements_bootloader/stm32f4xx_adc.o
                                0x8b9 (size before relaxing)
 .debug_str     0x000049f7      0x213 build/elements_bootloader/stm32f4xx_dma.o
                                0x5ea (size before relaxing)
 .debug_str     0x00004c0a      0x2d8 build/elements_bootloader/stm32f4xx_flash.o
                                0x625 (size before relaxing)
 .debug_str     0x00004ee2      0x140 build/elements_bootloader/stm32f4xx_gpio.o
                                0x568 (size before relaxing)
 .debug_str     0x00005022      0x337 build/elements_bootloader/stm32f4xx_i2c.o
                                0x72c (size before relaxing)
 .debug_str     0x00005359      0x41c build/elements_bootloader/stm32f4xx_rcc.o
                                0x8ee (size before relaxing)
 .debug_str     0x00005775      0x2d7 build/elements_bootloader/stm32f4xx_spi.o
                                0x756 (size before relaxing)
 .debug_str     0x00005a4c      0x950 build/elements_bootloader/stm32f4xx_tim.o
                                0xe9c (size before relaxing)

.debug_frame    0x00000000     0x1bfc
 .debug_frame   0x00000000      0x1f4 build/elements_bootloader/bootloader.o
 .debug_frame   0x000001f4      0x15c build/elements_bootloader/codec.o
 .debug_frame   0x00000350       0x48 build/elements_bootloader/leds.o
 .debug_frame   0x00000398       0x64 build/elements_bootloader/pots_adc.o
 .debug_frame   0x000003fc       0x48 build/elements_bootloader/switch.o
 .debug_frame   0x00000444       0x38 build/elements_bootloader/system.o
 .debug_frame   0x0000047c       0xd0 build/elements_bootloader/demodulator.o
 .debug_frame   0x0000054c       0x7c build/elements_bootloader/packet_decoder.o
 .debug_frame   0x000005c8       0x44 build/elements_bootloader/bootloader_utils.o
 .debug_frame   0x0000060c       0x30 build/elements_bootloader/system_clock.o
 .debug_frame   0x0000063c       0x34 build/elements_bootloader/system_stm32f4xx.o
 .debug_frame   0x00000670       0x6c build/elements_bootloader/misc.o
 .debug_frame   0x000006dc      0x2b4 build/elements_bootloader/stm32f4xx_adc.o
 .debug_frame   0x00000990      0x180 build/elements_bootloader/stm32f4xx_dma.o
 .debug_frame   0x00000b10      0x264 build/elements_bootloader/stm32f4xx_flash.o
 .debug_frame   0x00000d74      0x118 build/elements_bootloader/stm32f4xx_gpio.o
 .debug_frame   0x00000e8c      0x248 build/elements_bootloader/stm32f4xx_i2c.o
 .debug_frame   0x000010d4      0x2e4 build/elements_bootloader/stm32f4xx_rcc.o
 .debug_frame   0x000013b8      0x1dc build/elements_bootloader/stm32f4xx_spi.o
 .debug_frame   0x00001594      0x63c build/elements_bootloader/stm32f4xx_tim.o
 .debug_frame   0x00001bd0       0x2c /home/luix/apps/gcc/gcc-arm-none-eabi-4_8-2013q4/bin/../lib/gcc/arm-none-eabi/4.8.3/../../../../arm-none-eabi/lib/armv7e-m/fpu/libc.a(lib_a-memset.o)
